I'm sorry, but errors were detected in your script. Please correct the
errors listed below, and try again.


File "game/screens.rpy", line 313: screen expects a non-empty block.
    screen save():
                  ^

File "game/screens.rpy", line 321: screen expects a non-empty block.
    screen load():
                  ^

Ren'Py Version: Ren'Py 6.99.1.329
